// Vitest Snapshot v1

exports[`EMenu > EMenu snapshot 1`] = `"<div></div>"`;
