// Vitest Snapshot v1

exports[`EDialog > EDialog snapshot 1`] = `
"<transition-stub>
  <!---->
</transition-stub>"
`;
