// Vitest Snapshot v1

exports[`ECarousel > ECarousel snapshot 1`] = `
"<div class=\\"e-carousel\\">
  <transition-stub><button class=\\"e-carousel__arrow e-carousel__arrow--left\\">
      <div style=\\"font-size: 30px; color: #fff; display: flex;\\"><svg xmlns=\\"http://www.w3.org/2000/svg\\" xmlns:xlink=\\"http://www.w3.org/1999/xlink\\" width=\\"1em\\" height=\\"1em\\" viewBox=\\"0 0 32 32\\">
          <path fill=\\"currentColor\\" d=\\"M10 16L20 6l1.4 1.4l-8.6 8.6l8.6 8.6L20 26z\\"></path>
        </svg></div>
    </button></transition-stub>
  <transition-stub><button class=\\"e-carousel__arrow e-carousel__arrow--right\\">
      <div style=\\"font-size: 30px; color: #fff; display: flex;\\"><svg xmlns=\\"http://www.w3.org/2000/svg\\" xmlns:xlink=\\"http://www.w3.org/1999/xlink\\" width=\\"1em\\" height=\\"1em\\" viewBox=\\"0 0 32 32\\">
          <path fill=\\"currentColor\\" d=\\"M22 16L12 26l-1.4-1.4l8.6-8.6l-8.6-8.6L12 6z\\"></path>
        </svg></div>
    </button></transition-stub>
  <!---->
  <div class=\\"e-carousel__indicator e-carousel__indicator--horizontal\\"></div>
</div>"
`;
