// Vitest Snapshot v1

exports[`ETimePicker > ETimePicker snapshot 1`] = `"<div></div>"`;
