// Vitest Snapshot v1, https://vitest.dev/guide/snapshot.html

exports[`trigger > trigger snapshot 1`] = `""`;
