// Vitest Snapshot v1, https://vitest.dev/guide/snapshot.html

exports[`EDivider > EDivider snapshot 1`] = `
"<div role=\\"separator\\" class=\\"eu-divider eu-divider-horizontal eu-divider-md\\">
  <!---->
</div>"
`;
