// Vitest Snapshot v1

exports[`size > should work with size\` 1`] = `16`;
