// Vitest Snapshot v1

exports[`ETabs > ETabs snapshot 1`] = `"<div></div>"`;
