// Vitest Snapshot v1

exports[`base > check mount 1`] = `
"<div id=\\"app\\">
  <div class=\\"my-list\\" style=\\"height: 300px; overflow-y: auto;\\">
    <!---->
    <div class=\\"wrap\\" style=\\"padding: 0px 0px 48500px;\\">
      <div class=\\"\\">
        <div class=\\"inner\\"><span class=\\"index\\">0</span><span class=\\"source\\">f1e47df</span><span class=\\"other\\"><!----></span></div>
      </div>
      <div class=\\"\\">
        <div class=\\"inner\\"><span class=\\"index\\">1</span><span class=\\"source\\">557ea7e</span><span class=\\"other\\"><!----></span></div>
      </div>
      <div class=\\"\\">
        <div class=\\"inner\\"><span class=\\"index\\">2</span><span class=\\"source\\">4f2532c</span><span class=\\"other\\"><!----></span></div>
      </div>
      <div class=\\"\\">
        <div class=\\"inner\\"><span class=\\"index\\">3</span><span class=\\"source\\">483f9df</span><span class=\\"other\\"><!----></span></div>
      </div>
      <div class=\\"\\">
        <div class=\\"inner\\"><span class=\\"index\\">4</span><span class=\\"source\\">0ac219c</span><span class=\\"other\\"><!----></span></div>
      </div>
      <div class=\\"\\">
        <div class=\\"inner\\"><span class=\\"index\\">5</span><span class=\\"source\\">f53d9e9</span><span class=\\"other\\"><!----></span></div>
      </div>
      <div class=\\"\\">
        <div class=\\"inner\\"><span class=\\"index\\">6</span><span class=\\"source\\">0ae7a84</span><span class=\\"other\\"><!----></span></div>
      </div>
      <div class=\\"\\">
        <div class=\\"inner\\"><span class=\\"index\\">7</span><span class=\\"source\\">ad8f395</span><span class=\\"other\\"><!----></span></div>
      </div>
      <div class=\\"\\">
        <div class=\\"inner\\"><span class=\\"index\\">8</span><span class=\\"source\\">be8df5b</span><span class=\\"other\\"><!----></span></div>
      </div>
      <div class=\\"\\">
        <div class=\\"inner\\"><span class=\\"index\\">9</span><span class=\\"source\\">216bdfb</span><span class=\\"other\\"><!----></span></div>
      </div>
      <div class=\\"\\">
        <div class=\\"inner\\"><span class=\\"index\\">10</span><span class=\\"source\\">9d0f43e</span><span class=\\"other\\"><!----></span></div>
      </div>
      <div class=\\"\\">
        <div class=\\"inner\\"><span class=\\"index\\">11</span><span class=\\"source\\">b8919c2</span><span class=\\"other\\"><!----></span></div>
      </div>
      <div class=\\"\\">
        <div class=\\"inner\\"><span class=\\"index\\">12</span><span class=\\"source\\">9c72a41</span><span class=\\"other\\"><!----></span></div>
      </div>
      <div class=\\"\\">
        <div class=\\"inner\\"><span class=\\"index\\">13</span><span class=\\"source\\">0599cb5</span><span class=\\"other\\"><!----></span></div>
      </div>
      <div class=\\"\\">
        <div class=\\"inner\\"><span class=\\"index\\">14</span><span class=\\"source\\">f06ca05</span><span class=\\"other\\"><!----></span></div>
      </div>
      <div class=\\"\\">
        <div class=\\"inner\\"><span class=\\"index\\">15</span><span class=\\"source\\">854457f</span><span class=\\"other\\"><!----></span></div>
      </div>
      <div class=\\"\\">
        <div class=\\"inner\\"><span class=\\"index\\">16</span><span class=\\"source\\">83e72ec</span><span class=\\"other\\"><!----></span></div>
      </div>
      <div class=\\"\\">
        <div class=\\"inner\\"><span class=\\"index\\">17</span><span class=\\"source\\">7cf761b</span><span class=\\"other\\"><!----></span></div>
      </div>
      <div class=\\"\\">
        <div class=\\"inner\\"><span class=\\"index\\">18</span><span class=\\"source\\">8c31d75</span><span class=\\"other\\"><!----></span></div>
      </div>
      <div class=\\"\\">
        <div class=\\"inner\\"><span class=\\"index\\">19</span><span class=\\"source\\">b351863</span><span class=\\"other\\"><!----></span></div>
      </div>
      <div class=\\"\\">
        <div class=\\"inner\\"><span class=\\"index\\">20</span><span class=\\"source\\">e07fa16</span><span class=\\"other\\"><!----></span></div>
      </div>
      <div class=\\"\\">
        <div class=\\"inner\\"><span class=\\"index\\">21</span><span class=\\"source\\">cf15acb</span><span class=\\"other\\"><!----></span></div>
      </div>
      <div class=\\"\\">
        <div class=\\"inner\\"><span class=\\"index\\">22</span><span class=\\"source\\">db6a9b7</span><span class=\\"other\\"><!----></span></div>
      </div>
      <div class=\\"\\">
        <div class=\\"inner\\"><span class=\\"index\\">23</span><span class=\\"source\\">276c5f3</span><span class=\\"other\\"><!----></span></div>
      </div>
      <div class=\\"\\">
        <div class=\\"inner\\"><span class=\\"index\\">24</span><span class=\\"source\\">c31ac9f</span><span class=\\"other\\"><!----></span></div>
      </div>
      <div class=\\"\\">
        <div class=\\"inner\\"><span class=\\"index\\">25</span><span class=\\"source\\">ba70382</span><span class=\\"other\\"><!----></span></div>
      </div>
      <div class=\\"\\">
        <div class=\\"inner\\"><span class=\\"index\\">26</span><span class=\\"source\\">c6bd42f</span><span class=\\"other\\"><!----></span></div>
      </div>
      <div class=\\"\\">
        <div class=\\"inner\\"><span class=\\"index\\">27</span><span class=\\"source\\">b0a42a9</span><span class=\\"other\\"><!----></span></div>
      </div>
      <div class=\\"\\">
        <div class=\\"inner\\"><span class=\\"index\\">28</span><span class=\\"source\\">6580f98</span><span class=\\"other\\"><!----></span></div>
      </div>
      <div class=\\"\\">
        <div class=\\"inner\\"><span class=\\"index\\">29</span><span class=\\"source\\">6b21511</span><span class=\\"other\\"><!----></span></div>
      </div>
    </div>
    <!---->
    <div style=\\"width: 100%; height: 0px;\\"></div>
  </div>
</div>"
`;
