// Vitest Snapshot v1

exports[`EVirtualList > EVirtualList snapshot 1`] = `
"<div style=\\"width: 300px; height: 300px; overflow: auto;\\" class=\\"my-list\\">
  <!---->
  <div class=\\"{ &#x27;display&#x27;: &#x27;flex&#x27;, &#x27;flex-direction&#x27;: &#x27;row&#x27; }\\" style=\\"padding: 0px 48500px 0px 0px;\\">
    <div class=\\"\\">
      <div class=\\"inner\\"><span class=\\"index\\">0</span><span class=\\"source\\">67b3959</span><span class=\\"other\\"><!----></span></div>
    </div>
    <div class=\\"\\">
      <div class=\\"inner\\"><span class=\\"index\\">1</span><span class=\\"source\\">54c76f4</span><span class=\\"other\\"><!----></span></div>
    </div>
    <div class=\\"\\">
      <div class=\\"inner\\"><span class=\\"index\\">2</span><span class=\\"source\\">e03c8d5</span><span class=\\"other\\"><!----></span></div>
    </div>
    <div class=\\"\\">
      <div class=\\"inner\\"><span class=\\"index\\">3</span><span class=\\"source\\">3115ae5</span><span class=\\"other\\"><!----></span></div>
    </div>
    <div class=\\"\\">
      <div class=\\"inner\\"><span class=\\"index\\">4</span><span class=\\"source\\">0351a69</span><span class=\\"other\\"><!----></span></div>
    </div>
    <div class=\\"\\">
      <div class=\\"inner\\"><span class=\\"index\\">5</span><span class=\\"source\\">34c6894</span><span class=\\"other\\"><!----></span></div>
    </div>
    <div class=\\"\\">
      <div class=\\"inner\\"><span class=\\"index\\">6</span><span class=\\"source\\">61357b1</span><span class=\\"other\\"><!----></span></div>
    </div>
    <div class=\\"\\">
      <div class=\\"inner\\"><span class=\\"index\\">7</span><span class=\\"source\\">24df8eb</span><span class=\\"other\\"><!----></span></div>
    </div>
    <div class=\\"\\">
      <div class=\\"inner\\"><span class=\\"index\\">8</span><span class=\\"source\\">4d09994</span><span class=\\"other\\"><!----></span></div>
    </div>
    <div class=\\"\\">
      <div class=\\"inner\\"><span class=\\"index\\">9</span><span class=\\"source\\">1d5b3d1</span><span class=\\"other\\"><!----></span></div>
    </div>
    <div class=\\"\\">
      <div class=\\"inner\\"><span class=\\"index\\">10</span><span class=\\"source\\">03a8242</span><span class=\\"other\\"><!----></span></div>
    </div>
    <div class=\\"\\">
      <div class=\\"inner\\"><span class=\\"index\\">11</span><span class=\\"source\\">7841708</span><span class=\\"other\\"><!----></span></div>
    </div>
    <div class=\\"\\">
      <div class=\\"inner\\"><span class=\\"index\\">12</span><span class=\\"source\\">be8beca</span><span class=\\"other\\"><!----></span></div>
    </div>
    <div class=\\"\\">
      <div class=\\"inner\\"><span class=\\"index\\">13</span><span class=\\"source\\">601e4a5</span><span class=\\"other\\"><!----></span></div>
    </div>
    <div class=\\"\\">
      <div class=\\"inner\\"><span class=\\"index\\">14</span><span class=\\"source\\">962f3d5</span><span class=\\"other\\"><!----></span></div>
    </div>
    <div class=\\"\\">
      <div class=\\"inner\\"><span class=\\"index\\">15</span><span class=\\"source\\">c4e353a</span><span class=\\"other\\"><!----></span></div>
    </div>
    <div class=\\"\\">
      <div class=\\"inner\\"><span class=\\"index\\">16</span><span class=\\"source\\">4016566</span><span class=\\"other\\"><!----></span></div>
    </div>
    <div class=\\"\\">
      <div class=\\"inner\\"><span class=\\"index\\">17</span><span class=\\"source\\">bb2bdbd</span><span class=\\"other\\"><!----></span></div>
    </div>
    <div class=\\"\\">
      <div class=\\"inner\\"><span class=\\"index\\">18</span><span class=\\"source\\">eefa6a7</span><span class=\\"other\\"><!----></span></div>
    </div>
    <div class=\\"\\">
      <div class=\\"inner\\"><span class=\\"index\\">19</span><span class=\\"source\\">386bf9b</span><span class=\\"other\\"><!----></span></div>
    </div>
    <div class=\\"\\">
      <div class=\\"inner\\"><span class=\\"index\\">20</span><span class=\\"source\\">c7b0261</span><span class=\\"other\\"><!----></span></div>
    </div>
    <div class=\\"\\">
      <div class=\\"inner\\"><span class=\\"index\\">21</span><span class=\\"source\\">2a31e76</span><span class=\\"other\\"><!----></span></div>
    </div>
    <div class=\\"\\">
      <div class=\\"inner\\"><span class=\\"index\\">22</span><span class=\\"source\\">2002afa</span><span class=\\"other\\"><!----></span></div>
    </div>
    <div class=\\"\\">
      <div class=\\"inner\\"><span class=\\"index\\">23</span><span class=\\"source\\">85870af</span><span class=\\"other\\"><!----></span></div>
    </div>
    <div class=\\"\\">
      <div class=\\"inner\\"><span class=\\"index\\">24</span><span class=\\"source\\">cdcc77e</span><span class=\\"other\\"><!----></span></div>
    </div>
    <div class=\\"\\">
      <div class=\\"inner\\"><span class=\\"index\\">25</span><span class=\\"source\\">0027001</span><span class=\\"other\\"><!----></span></div>
    </div>
    <div class=\\"\\">
      <div class=\\"inner\\"><span class=\\"index\\">26</span><span class=\\"source\\">590e826</span><span class=\\"other\\"><!----></span></div>
    </div>
    <div class=\\"\\">
      <div class=\\"inner\\"><span class=\\"index\\">27</span><span class=\\"source\\">809e9af</span><span class=\\"other\\"><!----></span></div>
    </div>
    <div class=\\"\\">
      <div class=\\"inner\\"><span class=\\"index\\">28</span><span class=\\"source\\">aff3a6</span><span class=\\"other\\"><!----></span></div>
    </div>
    <div class=\\"\\">
      <div class=\\"inner\\"><span class=\\"index\\">29</span><span class=\\"source\\">d20541c</span><span class=\\"other\\"><!----></span></div>
    </div>
  </div>
  <!---->
  <div style=\\"width: 0px; height: 100%;\\"></div>
</div>"
`;
