// Vitest Snapshot v1

exports[`space > space snapshot 1`] = `"<div class=\\"eu-space eu-space-horizontal eu-space-align-start\\"></div>"`;
