// Vitest Snapshot v1

exports[`ESelectDown > ESelectDown snapshot 1`] = `
"<div class=\\"eu-select-down disabled\\">
  <div class=\\"select-control\\">
    <!----><input readonly=\\"\\" placeholder=\\"placeholder\\" class=\\"eu-select-down-input-control\\"><span class=\\"group-icon\\"><!----><i class=\\"icon-arrow\\"></i></span>
  </div>
  <transition-stub name=\\"slide-toggle\\"></transition-stub>
</div>"
`;
