// Vitest Snapshot v1

exports[`EForm > EForm snapshot 1`] = `"<div></div>"`;
