// Vitest Snapshot v1

exports[`button > button snapshot 1`] = `
"<a class=\\"eu-button eu-button--default bg-default text-black eu-button--md\\">
  <!---->
  <!---->
</a>"
`;
