// Vitest Snapshot v1

exports[`EDivider > EDivider snapshot 1`] = `"<span class=\\"loadding\\"></span>"`;
