// Vitest Snapshot v1, https://vitest.dev/guide/snapshot.html

exports[`EFormItem > EFormItem snapshot 1`] = `
"<div class=\\"eu-form-item\\"><label class=\\"label\\"></label>
  <div class=\\"content\\">
    <!---->
    <div class=\\"error\\" style=\\"visibility: hidden;\\"></div>
  </div>
</div>"
`;
