// Vitest Snapshot v1

exports[`EConfigProvider > EConfigProvider snapshot 1`] = `""`;
