// Vitest Snapshot v1, https://vitest.dev/guide/snapshot.html

exports[`message > message snapshot 1`] = `""`;
