// Vitest Snapshot v1

exports[`EAvatar > EAvatar snapshot 1`] = `
"<div class=\\"avatar md\\">
  <!---->
  <!---->
  <!---->
</div>"
`;
