// Vitest Snapshot v1

exports[`ELoading > ELoading snapshot 1`] = `"<span class=\\"loading\\"><div style=\\"height: 36px; width: 36px; border-top-color: #A6A6A6;\\"></div><span class=\\"loading-text md-text\\"></span></span>"`;
