// Vitest Snapshot v1

exports[`ERadio > ERadio snapshot 1`] = `"<div></div>"`;
