// Vitest Snapshot v1

exports[`ESwitch > ESwitch snapshot 1`] = `"<div class=\\"e-switch\\"><label><input id=\\"switch\\" type=\\"checkbox\\" style=\\"display: none;\\"><span class=\\"e-switch-body\\"></span></label></div>"`;
