// Vitest Snapshot v1

exports[`Button.vue > button snapshot 1`] = `
"<button class=\\"e-button e-button--default bg-default text-black e-button--md\\" disabled=\\"false\\">
  <!---->
  <!---->
</button>"
`;

exports[`Button.vue > render 1`] = `
"<button class=\\"e-button e-button--default bg-default text-black e-button--md\\" disabled=\\"false\\">
  <!---->
  <!---->
</button>"
`;

exports[`button > button snapshot 1`] = `
"<button class=\\"e-button e-button--default bg-default text-black e-button--md\\" disabled=\\"false\\">
  <!---->
  <!---->
</button>"
`;
