// Vitest Snapshot v1

exports[`EDate-picker > EDate-picker snapshot 1`] = `"<div>date-picker.today</div>"`;
