// Vitest Snapshot v1

exports[`EIcon > EIcon snapshot 1`] = `"<div></div>"`;
